--------------------------------------------------------------------------------
Release 13.4 Trace  (nt64)
Copyright (c) 1995-2011 Xilinx, Inc.  All rights reserved.

D:\Xilinx\13.4\ISE_DS\ISE\bin\nt64\unwrapped\trce.exe -intstyle ise -v 3 -s 2
-n 3 -fastpaths -xml processor.twx processor.ncd -o processor.twr processor.pcf

Design file:              processor.ncd
Physical constraint file: processor.pcf
Device,package,speed:     xc6slx45,fgg484,C,-2 (PRODUCTION 1.21 2012-01-07)
Report level:             verbose report

Environment Variable      Effect 
--------------------      ------ 
NONE                      No environment variables were set
--------------------------------------------------------------------------------

INFO:Timing:2698 - No timing constraints found, doing default enumeration.
INFO:Timing:3412 - To improve timing, see the Timing Closure User Guide (UG612).
INFO:Timing:2752 - To get complete path coverage, use the unconstrained paths 
   option. All paths that are not constrained will be reported in the 
   unconstrained paths section(s) of the report.
INFO:Timing:3339 - The clock-to-out numbers in this timing report are based on 
   a 50 Ohm transmission line loading model.  For the details of this model, 
   and for more information on accounting for different loading conditions, 
   please see the device datasheet.



Data Sheet report:
-----------------
All values displayed in nanoseconds (ns)

Setup/Hold to clock g_clk
------------+------------+------------+------------+------------+------------------+--------+
            |Max Setup to|  Process   |Max Hold to |  Process   |                  | Clock  |
Source      | clk (edge) |   Corner   | clk (edge) |   Corner   |Internal Clock(s) | Phase  |
------------+------------+------------+------------+------------+------------------+--------+
in_dev_hs   |    6.786(R)|      SLOW  |   -2.909(R)|      FAST  |g_clk_BUFGP       |   0.000|
input_bus<0>|    5.118(R)|      SLOW  |   -2.773(R)|      FAST  |g_clk_BUFGP       |   0.000|
input_bus<1>|    4.633(R)|      SLOW  |   -2.508(R)|      FAST  |g_clk_BUFGP       |   0.000|
input_bus<2>|    4.553(R)|      SLOW  |   -2.454(R)|      FAST  |g_clk_BUFGP       |   0.000|
input_bus<3>|    4.623(R)|      SLOW  |   -2.503(R)|      FAST  |g_clk_BUFGP       |   0.000|
input_bus<4>|    5.020(R)|      SLOW  |   -2.746(R)|      FAST  |g_clk_BUFGP       |   0.000|
input_bus<5>|    4.734(R)|      SLOW  |   -2.575(R)|      FAST  |g_clk_BUFGP       |   0.000|
input_bus<6>|    4.519(R)|      SLOW  |   -2.418(R)|      FAST  |g_clk_BUFGP       |   0.000|
input_bus<7>|    4.752(R)|      SLOW  |   -2.529(R)|      FAST  |g_clk_BUFGP       |   0.000|
out_dev_ack |    6.911(R)|      SLOW  |   -3.492(R)|      FAST  |g_clk_BUFGP       |   0.000|
out_dev_hs  |    5.494(R)|      SLOW  |   -2.304(R)|      FAST  |g_clk_BUFGP       |   0.000|
------------+------------+------------+------------+------------+------------------+--------+

Clock g_clk to Pad
--------------+-----------------+------------+-----------------+------------+------------------+--------+
              |Max (slowest) clk|  Process   |Min (fastest) clk|  Process   |                  | Clock  |
Destination   |  (edge) to PAD  |   Corner   |  (edge) to PAD  |   Corner   |Internal Clock(s) | Phase  |
--------------+-----------------+------------+-----------------+------------+------------------+--------+
C             |        22.112(R)|      SLOW  |         7.891(R)|      FAST  |g_clk_BUFGP       |   0.000|
V             |        21.811(R)|      SLOW  |         7.958(R)|      FAST  |g_clk_BUFGP       |   0.000|
Z             |        22.020(R)|      SLOW  |         7.190(R)|      FAST  |g_clk_BUFGP       |   0.000|
a_reg_out<0>  |        10.977(R)|      SLOW  |         4.881(R)|      FAST  |g_clk_BUFGP       |   0.000|
a_reg_out<1>  |        11.332(R)|      SLOW  |         5.085(R)|      FAST  |g_clk_BUFGP       |   0.000|
a_reg_out<2>  |        10.997(R)|      SLOW  |         4.874(R)|      FAST  |g_clk_BUFGP       |   0.000|
a_reg_out<3>  |        11.472(R)|      SLOW  |         5.186(R)|      FAST  |g_clk_BUFGP       |   0.000|
a_reg_out<4>  |        10.604(R)|      SLOW  |         4.635(R)|      FAST  |g_clk_BUFGP       |   0.000|
a_reg_out<5>  |        10.556(R)|      SLOW  |         4.605(R)|      FAST  |g_clk_BUFGP       |   0.000|
a_reg_out<6>  |        11.268(R)|      SLOW  |         4.966(R)|      FAST  |g_clk_BUFGP       |   0.000|
a_reg_out<7>  |        10.357(R)|      SLOW  |         4.450(R)|      FAST  |g_clk_BUFGP       |   0.000|
acc_reg_out<0>|        11.650(R)|      SLOW  |         5.207(R)|      FAST  |g_clk_BUFGP       |   0.000|
acc_reg_out<1>|        12.521(R)|      SLOW  |         5.713(R)|      FAST  |g_clk_BUFGP       |   0.000|
acc_reg_out<2>|        11.677(R)|      SLOW  |         5.195(R)|      FAST  |g_clk_BUFGP       |   0.000|
acc_reg_out<3>|        12.145(R)|      SLOW  |         5.468(R)|      FAST  |g_clk_BUFGP       |   0.000|
acc_reg_out<4>|        11.476(R)|      SLOW  |         5.106(R)|      FAST  |g_clk_BUFGP       |   0.000|
acc_reg_out<5>|        13.125(R)|      SLOW  |         6.007(R)|      FAST  |g_clk_BUFGP       |   0.000|
acc_reg_out<6>|        11.032(R)|      SLOW  |         4.884(R)|      FAST  |g_clk_BUFGP       |   0.000|
acc_reg_out<7>|        12.737(R)|      SLOW  |         5.793(R)|      FAST  |g_clk_BUFGP       |   0.000|
alu_out_w<0>  |        16.433(R)|      SLOW  |         5.877(R)|      FAST  |g_clk_BUFGP       |   0.000|
alu_out_w<1>  |        16.746(R)|      SLOW  |         5.837(R)|      FAST  |g_clk_BUFGP       |   0.000|
alu_out_w<2>  |        16.451(R)|      SLOW  |         5.479(R)|      FAST  |g_clk_BUFGP       |   0.000|
alu_out_w<3>  |        17.432(R)|      SLOW  |         5.682(R)|      FAST  |g_clk_BUFGP       |   0.000|
alu_out_w<4>  |        16.511(R)|      SLOW  |         5.127(R)|      FAST  |g_clk_BUFGP       |   0.000|
alu_out_w<5>  |        17.532(R)|      SLOW  |         5.600(R)|      FAST  |g_clk_BUFGP       |   0.000|
alu_out_w<6>  |        17.233(R)|      SLOW  |         5.185(R)|      FAST  |g_clk_BUFGP       |   0.000|
alu_out_w<7>  |        18.262(R)|      SLOW  |         5.713(R)|      FAST  |g_clk_BUFGP       |   0.000|
b_reg_out<0>  |        11.233(R)|      SLOW  |         4.972(R)|      FAST  |g_clk_BUFGP       |   0.000|
b_reg_out<1>  |        11.281(R)|      SLOW  |         5.122(R)|      FAST  |g_clk_BUFGP       |   0.000|
b_reg_out<2>  |        10.363(R)|      SLOW  |         4.463(R)|      FAST  |g_clk_BUFGP       |   0.000|
b_reg_out<3>  |        10.748(R)|      SLOW  |         4.700(R)|      FAST  |g_clk_BUFGP       |   0.000|
b_reg_out<4>  |        11.465(R)|      SLOW  |         5.116(R)|      FAST  |g_clk_BUFGP       |   0.000|
b_reg_out<5>  |        10.888(R)|      SLOW  |         4.797(R)|      FAST  |g_clk_BUFGP       |   0.000|
b_reg_out<6>  |        11.775(R)|      SLOW  |         5.365(R)|      FAST  |g_clk_BUFGP       |   0.000|
b_reg_out<7>  |        10.746(R)|      SLOW  |         4.738(R)|      FAST  |g_clk_BUFGP       |   0.000|
c_hit<0>      |        13.613(R)|      SLOW  |         6.414(R)|      FAST  |g_clk_BUFGP       |   0.000|
c_hit<1>      |        13.139(R)|      SLOW  |         6.097(R)|      FAST  |g_clk_BUFGP       |   0.000|
cache_hit     |        15.340(R)|      SLOW  |         6.853(R)|      FAST  |g_clk_BUFGP       |   0.000|
in_dev_ack    |        13.744(R)|      SLOW  |         6.405(R)|      FAST  |g_clk_BUFGP       |   0.000|
itr_pend      |        19.249(R)|      SLOW  |         8.288(R)|      FAST  |g_clk_BUFGP       |   0.000|
itr_reg<0>    |        11.498(R)|      SLOW  |         5.104(R)|      FAST  |g_clk_BUFGP       |   0.000|
itr_reg<1>    |        11.593(R)|      SLOW  |         5.180(R)|      FAST  |g_clk_BUFGP       |   0.000|
itr_reg<2>    |        11.468(R)|      SLOW  |         5.119(R)|      FAST  |g_clk_BUFGP       |   0.000|
itr_reg<3>    |        11.738(R)|      SLOW  |         5.218(R)|      FAST  |g_clk_BUFGP       |   0.000|
mar_out_w<0>  |        10.957(R)|      SLOW  |         4.816(R)|      FAST  |g_clk_BUFGP       |   0.000|
mar_out_w<1>  |        10.769(R)|      SLOW  |         4.667(R)|      FAST  |g_clk_BUFGP       |   0.000|
mar_out_w<2>  |        11.670(R)|      SLOW  |         5.189(R)|      FAST  |g_clk_BUFGP       |   0.000|
mar_out_w<3>  |        10.757(R)|      SLOW  |         4.676(R)|      FAST  |g_clk_BUFGP       |   0.000|
mar_out_w<4>  |        10.309(R)|      SLOW  |         4.448(R)|      FAST  |g_clk_BUFGP       |   0.000|
mar_out_w<5>  |        10.923(R)|      SLOW  |         4.785(R)|      FAST  |g_clk_BUFGP       |   0.000|
mar_out_w<6>  |        11.544(R)|      SLOW  |         5.151(R)|      FAST  |g_clk_BUFGP       |   0.000|
mar_out_w<7>  |        10.962(R)|      SLOW  |         4.826(R)|      FAST  |g_clk_BUFGP       |   0.000|
mask_reg<0>   |        12.591(R)|      SLOW  |         5.775(R)|      FAST  |g_clk_BUFGP       |   0.000|
mask_reg<1>   |        12.870(R)|      SLOW  |         5.916(R)|      FAST  |g_clk_BUFGP       |   0.000|
mask_reg<2>   |        12.462(R)|      SLOW  |         5.673(R)|      FAST  |g_clk_BUFGP       |   0.000|
mask_reg<3>   |        13.062(R)|      SLOW  |         5.988(R)|      FAST  |g_clk_BUFGP       |   0.000|
mdr_out_w<0>  |        13.275(R)|      SLOW  |         6.112(R)|      FAST  |g_clk_BUFGP       |   0.000|
mdr_out_w<1>  |        15.609(R)|      SLOW  |         7.587(R)|      FAST  |g_clk_BUFGP       |   0.000|
mdr_out_w<2>  |        13.370(R)|      SLOW  |         6.150(R)|      FAST  |g_clk_BUFGP       |   0.000|
mdr_out_w<3>  |        15.928(R)|      SLOW  |         7.512(R)|      FAST  |g_clk_BUFGP       |   0.000|
mdr_out_w<4>  |        12.879(R)|      SLOW  |         5.874(R)|      FAST  |g_clk_BUFGP       |   0.000|
mdr_out_w<5>  |        13.350(R)|      SLOW  |         6.141(R)|      FAST  |g_clk_BUFGP       |   0.000|
mdr_out_w<6>  |        12.155(R)|      SLOW  |         5.499(R)|      FAST  |g_clk_BUFGP       |   0.000|
mdr_out_w<7>  |        13.669(R)|      SLOW  |         6.284(R)|      FAST  |g_clk_BUFGP       |   0.000|
mem0<0>       |        10.028(R)|      SLOW  |         4.263(R)|      FAST  |g_clk_BUFGP       |   0.000|
mem0<1>       |         9.991(R)|      SLOW  |         4.281(R)|      FAST  |g_clk_BUFGP       |   0.000|
mem0<2>       |         9.923(R)|      SLOW  |         4.190(R)|      FAST  |g_clk_BUFGP       |   0.000|
mem0<3>       |        10.101(R)|      SLOW  |         4.260(R)|      FAST  |g_clk_BUFGP       |   0.000|
mem0<4>       |         9.939(R)|      SLOW  |         4.184(R)|      FAST  |g_clk_BUFGP       |   0.000|
mem0<5>       |        10.104(R)|      SLOW  |         4.285(R)|      FAST  |g_clk_BUFGP       |   0.000|
mem0<6>       |        10.182(R)|      SLOW  |         4.385(R)|      FAST  |g_clk_BUFGP       |   0.000|
mem0<7>       |        10.234(R)|      SLOW  |         4.409(R)|      FAST  |g_clk_BUFGP       |   0.000|
mem1<0>       |         9.717(R)|      SLOW  |         4.070(R)|      FAST  |g_clk_BUFGP       |   0.000|
mem1<1>       |         9.845(R)|      SLOW  |         4.136(R)|      FAST  |g_clk_BUFGP       |   0.000|
mem1<2>       |         9.511(R)|      SLOW  |         3.943(R)|      FAST  |g_clk_BUFGP       |   0.000|
mem1<3>       |         9.842(R)|      SLOW  |         4.164(R)|      FAST  |g_clk_BUFGP       |   0.000|
mem1<4>       |         9.564(R)|      SLOW  |         3.996(R)|      FAST  |g_clk_BUFGP       |   0.000|
mem1<5>       |         9.788(R)|      SLOW  |         4.093(R)|      FAST  |g_clk_BUFGP       |   0.000|
mem1<6>       |         9.961(R)|      SLOW  |         4.189(R)|      FAST  |g_clk_BUFGP       |   0.000|
mem1<7>       |         9.650(R)|      SLOW  |         4.041(R)|      FAST  |g_clk_BUFGP       |   0.000|
mem2<0>       |        11.610(R)|      SLOW  |         5.165(R)|      FAST  |g_clk_BUFGP       |   0.000|
mem2<1>       |        11.565(R)|      SLOW  |         5.160(R)|      FAST  |g_clk_BUFGP       |   0.000|
mem2<2>       |        11.448(R)|      SLOW  |         5.111(R)|      FAST  |g_clk_BUFGP       |   0.000|
mem2<3>       |        12.210(R)|      SLOW  |         5.510(R)|      FAST  |g_clk_BUFGP       |   0.000|
mem2<4>       |        11.701(R)|      SLOW  |         5.256(R)|      FAST  |g_clk_BUFGP       |   0.000|
mem2<5>       |        11.973(R)|      SLOW  |         5.371(R)|      FAST  |g_clk_BUFGP       |   0.000|
mem2<6>       |        12.153(R)|      SLOW  |         5.487(R)|      FAST  |g_clk_BUFGP       |   0.000|
mem2<7>       |        11.974(R)|      SLOW  |         5.385(R)|      FAST  |g_clk_BUFGP       |   0.000|
mem3<0>       |        10.088(R)|      SLOW  |         4.240(R)|      FAST  |g_clk_BUFGP       |   0.000|
mem3<1>       |         9.906(R)|      SLOW  |         4.142(R)|      FAST  |g_clk_BUFGP       |   0.000|
mem3<2>       |        10.033(R)|      SLOW  |         4.210(R)|      FAST  |g_clk_BUFGP       |   0.000|
mem3<3>       |         9.936(R)|      SLOW  |         4.178(R)|      FAST  |g_clk_BUFGP       |   0.000|
mem3<4>       |         9.885(R)|      SLOW  |         4.140(R)|      FAST  |g_clk_BUFGP       |   0.000|
mem3<5>       |        10.051(R)|      SLOW  |         4.217(R)|      FAST  |g_clk_BUFGP       |   0.000|
mem3<6>       |         9.954(R)|      SLOW  |         4.182(R)|      FAST  |g_clk_BUFGP       |   0.000|
mem3<7>       |        10.086(R)|      SLOW  |         4.273(R)|      FAST  |g_clk_BUFGP       |   0.000|
mem4<0>       |         9.660(R)|      SLOW  |         4.028(R)|      FAST  |g_clk_BUFGP       |   0.000|
mem4<1>       |         9.659(R)|      SLOW  |         4.050(R)|      FAST  |g_clk_BUFGP       |   0.000|
mem4<2>       |         9.487(R)|      SLOW  |         3.919(R)|      FAST  |g_clk_BUFGP       |   0.000|
mem4<3>       |         9.810(R)|      SLOW  |         4.132(R)|      FAST  |g_clk_BUFGP       |   0.000|
mem4<4>       |         9.590(R)|      SLOW  |         4.029(R)|      FAST  |g_clk_BUFGP       |   0.000|
mem4<5>       |         9.601(R)|      SLOW  |         3.992(R)|      FAST  |g_clk_BUFGP       |   0.000|
mem4<6>       |         9.934(R)|      SLOW  |         4.169(R)|      FAST  |g_clk_BUFGP       |   0.000|
mem4<7>       |         9.603(R)|      SLOW  |         4.016(R)|      FAST  |g_clk_BUFGP       |   0.000|
mem5<0>       |        10.581(R)|      SLOW  |         4.670(R)|      FAST  |g_clk_BUFGP       |   0.000|
mem5<1>       |        10.755(R)|      SLOW  |         4.764(R)|      FAST  |g_clk_BUFGP       |   0.000|
mem5<2>       |        10.776(R)|      SLOW  |         4.768(R)|      FAST  |g_clk_BUFGP       |   0.000|
mem5<3>       |        10.951(R)|      SLOW  |         4.819(R)|      FAST  |g_clk_BUFGP       |   0.000|
mem5<4>       |        10.885(R)|      SLOW  |         4.797(R)|      FAST  |g_clk_BUFGP       |   0.000|
mem5<5>       |        10.742(R)|      SLOW  |         4.740(R)|      FAST  |g_clk_BUFGP       |   0.000|
mem5<6>       |        10.729(R)|      SLOW  |         4.742(R)|      FAST  |g_clk_BUFGP       |   0.000|
mem5<7>       |        10.926(R)|      SLOW  |         4.823(R)|      FAST  |g_clk_BUFGP       |   0.000|
mem6<0>       |        10.223(R)|      SLOW  |         4.368(R)|      FAST  |g_clk_BUFGP       |   0.000|
mem6<1>       |         9.933(R)|      SLOW  |         4.216(R)|      FAST  |g_clk_BUFGP       |   0.000|
mem6<2>       |         9.749(R)|      SLOW  |         4.095(R)|      FAST  |g_clk_BUFGP       |   0.000|
mem6<3>       |        10.177(R)|      SLOW  |         4.359(R)|      FAST  |g_clk_BUFGP       |   0.000|
mem6<4>       |        10.099(R)|      SLOW  |         4.329(R)|      FAST  |g_clk_BUFGP       |   0.000|
mem6<5>       |        10.216(R)|      SLOW  |         4.430(R)|      FAST  |g_clk_BUFGP       |   0.000|
mem6<6>       |         9.866(R)|      SLOW  |         4.212(R)|      FAST  |g_clk_BUFGP       |   0.000|
mem6<7>       |        10.145(R)|      SLOW  |         4.349(R)|      FAST  |g_clk_BUFGP       |   0.000|
mem7<0>       |        10.508(R)|      SLOW  |         4.543(R)|      FAST  |g_clk_BUFGP       |   0.000|
mem7<1>       |        10.387(R)|      SLOW  |         4.485(R)|      FAST  |g_clk_BUFGP       |   0.000|
mem7<2>       |        11.184(R)|      SLOW  |         4.933(R)|      FAST  |g_clk_BUFGP       |   0.000|
mem7<3>       |        10.688(R)|      SLOW  |         4.686(R)|      FAST  |g_clk_BUFGP       |   0.000|
mem7<4>       |        10.056(R)|      SLOW  |         4.323(R)|      FAST  |g_clk_BUFGP       |   0.000|
mem7<5>       |        10.136(R)|      SLOW  |         4.363(R)|      FAST  |g_clk_BUFGP       |   0.000|
mem7<6>       |        10.448(R)|      SLOW  |         4.509(R)|      FAST  |g_clk_BUFGP       |   0.000|
mem7<7>       |        10.677(R)|      SLOW  |         4.641(R)|      FAST  |g_clk_BUFGP       |   0.000|
mem8<0>       |         9.826(R)|      SLOW  |         4.106(R)|      FAST  |g_clk_BUFGP       |   0.000|
mem8<1>       |        10.117(R)|      SLOW  |         4.275(R)|      FAST  |g_clk_BUFGP       |   0.000|
mem8<2>       |         9.849(R)|      SLOW  |         4.156(R)|      FAST  |g_clk_BUFGP       |   0.000|
mem8<3>       |        10.167(R)|      SLOW  |         4.342(R)|      FAST  |g_clk_BUFGP       |   0.000|
mem8<4>       |        10.282(R)|      SLOW  |         4.422(R)|      FAST  |g_clk_BUFGP       |   0.000|
mem8<5>       |        10.384(R)|      SLOW  |         4.470(R)|      FAST  |g_clk_BUFGP       |   0.000|
mem8<6>       |        10.282(R)|      SLOW  |         4.425(R)|      FAST  |g_clk_BUFGP       |   0.000|
mem8<7>       |        10.419(R)|      SLOW  |         4.509(R)|      FAST  |g_clk_BUFGP       |   0.000|
mem9<0>       |        10.722(R)|      SLOW  |         4.633(R)|      FAST  |g_clk_BUFGP       |   0.000|
mem9<1>       |        10.630(R)|      SLOW  |         4.616(R)|      FAST  |g_clk_BUFGP       |   0.000|
mem9<2>       |        10.567(R)|      SLOW  |         4.573(R)|      FAST  |g_clk_BUFGP       |   0.000|
mem9<3>       |        10.802(R)|      SLOW  |         4.675(R)|      FAST  |g_clk_BUFGP       |   0.000|
mem9<4>       |        10.446(R)|      SLOW  |         4.495(R)|      FAST  |g_clk_BUFGP       |   0.000|
mem9<5>       |        10.597(R)|      SLOW  |         4.615(R)|      FAST  |g_clk_BUFGP       |   0.000|
mem9<6>       |        10.268(R)|      SLOW  |         4.444(R)|      FAST  |g_clk_BUFGP       |   0.000|
mem9<7>       |        10.240(R)|      SLOW  |         4.378(R)|      FAST  |g_clk_BUFGP       |   0.000|
mem10<0>      |         9.732(R)|      SLOW  |         4.076(R)|      FAST  |g_clk_BUFGP       |   0.000|
mem10<1>      |         9.800(R)|      SLOW  |         4.095(R)|      FAST  |g_clk_BUFGP       |   0.000|
mem10<2>      |         9.437(R)|      SLOW  |         3.891(R)|      FAST  |g_clk_BUFGP       |   0.000|
mem10<3>      |         9.604(R)|      SLOW  |         4.027(R)|      FAST  |g_clk_BUFGP       |   0.000|
mem10<4>      |         9.937(R)|      SLOW  |         4.266(R)|      FAST  |g_clk_BUFGP       |   0.000|
mem10<5>      |         9.799(R)|      SLOW  |         4.104(R)|      FAST  |g_clk_BUFGP       |   0.000|
mem10<6>      |         9.727(R)|      SLOW  |         4.064(R)|      FAST  |g_clk_BUFGP       |   0.000|
mem10<7>      |         9.665(R)|      SLOW  |         4.056(R)|      FAST  |g_clk_BUFGP       |   0.000|
mem11<0>      |        10.886(R)|      SLOW  |         4.879(R)|      FAST  |g_clk_BUFGP       |   0.000|
mem11<1>      |        10.715(R)|      SLOW  |         4.745(R)|      FAST  |g_clk_BUFGP       |   0.000|
mem11<2>      |        10.384(R)|      SLOW  |         4.455(R)|      FAST  |g_clk_BUFGP       |   0.000|
mem11<3>      |        10.416(R)|      SLOW  |         4.486(R)|      FAST  |g_clk_BUFGP       |   0.000|
mem11<4>      |        10.599(R)|      SLOW  |         4.594(R)|      FAST  |g_clk_BUFGP       |   0.000|
mem11<5>      |        10.428(R)|      SLOW  |         4.510(R)|      FAST  |g_clk_BUFGP       |   0.000|
mem11<6>      |        10.377(R)|      SLOW  |         4.500(R)|      FAST  |g_clk_BUFGP       |   0.000|
mem11<7>      |        10.401(R)|      SLOW  |         4.498(R)|      FAST  |g_clk_BUFGP       |   0.000|
mem12<0>      |        10.217(R)|      SLOW  |         4.396(R)|      FAST  |g_clk_BUFGP       |   0.000|
mem12<1>      |        10.255(R)|      SLOW  |         4.417(R)|      FAST  |g_clk_BUFGP       |   0.000|
mem12<2>      |        10.320(R)|      SLOW  |         4.452(R)|      FAST  |g_clk_BUFGP       |   0.000|
mem12<3>      |        10.429(R)|      SLOW  |         4.488(R)|      FAST  |g_clk_BUFGP       |   0.000|
mem12<4>      |        10.343(R)|      SLOW  |         4.463(R)|      FAST  |g_clk_BUFGP       |   0.000|
mem12<5>      |        10.515(R)|      SLOW  |         4.614(R)|      FAST  |g_clk_BUFGP       |   0.000|
mem12<6>      |        10.496(R)|      SLOW  |         4.522(R)|      FAST  |g_clk_BUFGP       |   0.000|
mem12<7>      |        10.132(R)|      SLOW  |         4.259(R)|      FAST  |g_clk_BUFGP       |   0.000|
mem13<0>      |        11.467(R)|      SLOW  |         5.115(R)|      FAST  |g_clk_BUFGP       |   0.000|
mem13<1>      |        10.414(R)|      SLOW  |         4.503(R)|      FAST  |g_clk_BUFGP       |   0.000|
mem13<2>      |        11.450(R)|      SLOW  |         5.071(R)|      FAST  |g_clk_BUFGP       |   0.000|
mem13<3>      |        11.852(R)|      SLOW  |         5.333(R)|      FAST  |g_clk_BUFGP       |   0.000|
mem13<4>      |        12.180(R)|      SLOW  |         5.479(R)|      FAST  |g_clk_BUFGP       |   0.000|
mem13<5>      |        11.754(R)|      SLOW  |         5.233(R)|      FAST  |g_clk_BUFGP       |   0.000|
mem13<6>      |        11.810(R)|      SLOW  |         5.294(R)|      FAST  |g_clk_BUFGP       |   0.000|
mem13<7>      |        11.749(R)|      SLOW  |         5.246(R)|      FAST  |g_clk_BUFGP       |   0.000|
mem14<0>      |        12.096(R)|      SLOW  |         5.477(R)|      FAST  |g_clk_BUFGP       |   0.000|
mem14<1>      |        12.010(R)|      SLOW  |         5.443(R)|      FAST  |g_clk_BUFGP       |   0.000|
mem14<2>      |        11.876(R)|      SLOW  |         5.381(R)|      FAST  |g_clk_BUFGP       |   0.000|
mem14<3>      |        12.197(R)|      SLOW  |         5.597(R)|      FAST  |g_clk_BUFGP       |   0.000|
mem14<4>      |        11.821(R)|      SLOW  |         5.353(R)|      FAST  |g_clk_BUFGP       |   0.000|
mem14<5>      |        11.538(R)|      SLOW  |         5.221(R)|      FAST  |g_clk_BUFGP       |   0.000|
mem14<6>      |        11.782(R)|      SLOW  |         5.324(R)|      FAST  |g_clk_BUFGP       |   0.000|
mem14<7>      |        11.048(R)|      SLOW  |         4.927(R)|      FAST  |g_clk_BUFGP       |   0.000|
mem15<0>      |        10.316(R)|      SLOW  |         4.429(R)|      FAST  |g_clk_BUFGP       |   0.000|
mem15<1>      |        10.558(R)|      SLOW  |         4.564(R)|      FAST  |g_clk_BUFGP       |   0.000|
mem15<2>      |        10.630(R)|      SLOW  |         4.616(R)|      FAST  |g_clk_BUFGP       |   0.000|
mem15<3>      |        10.811(R)|      SLOW  |         4.749(R)|      FAST  |g_clk_BUFGP       |   0.000|
mem15<4>      |        10.546(R)|      SLOW  |         4.568(R)|      FAST  |g_clk_BUFGP       |   0.000|
mem15<5>      |        10.660(R)|      SLOW  |         4.634(R)|      FAST  |g_clk_BUFGP       |   0.000|
mem15<6>      |        10.489(R)|      SLOW  |         4.540(R)|      FAST  |g_clk_BUFGP       |   0.000|
mem15<7>      |        10.580(R)|      SLOW  |         4.611(R)|      FAST  |g_clk_BUFGP       |   0.000|
pc_output<0>  |        14.247(R)|      SLOW  |         6.575(R)|      FAST  |g_clk_BUFGP       |   0.000|
pc_output<1>  |        13.952(R)|      SLOW  |         6.387(R)|      FAST  |g_clk_BUFGP       |   0.000|
pc_output<2>  |        13.916(R)|      SLOW  |         6.366(R)|      FAST  |g_clk_BUFGP       |   0.000|
pc_output<3>  |        15.611(R)|      SLOW  |         7.292(R)|      FAST  |g_clk_BUFGP       |   0.000|
pc_output<4>  |        13.610(R)|      SLOW  |         6.199(R)|      FAST  |g_clk_BUFGP       |   0.000|
pc_output<5>  |        15.726(R)|      SLOW  |         7.350(R)|      FAST  |g_clk_BUFGP       |   0.000|
pc_output<6>  |        13.811(R)|      SLOW  |         6.319(R)|      FAST  |g_clk_BUFGP       |   0.000|
pc_output<7>  |        14.196(R)|      SLOW  |         6.485(R)|      FAST  |g_clk_BUFGP       |   0.000|
--------------+-----------------+------------+-----------------+------------+------------------+--------+

Clock g_clr to Pad
------------+-----------------+------------+-----------------+------------+----------------------------------+--------+
            |Max (slowest) clk|  Process   |Min (fastest) clk|  Process   |                                  | Clock  |
Destination |  (edge) to PAD  |   Corner   |  (edge) to PAD  |   Corner   |Internal Clock(s)                 | Phase  |
------------+-----------------+------------+-----------------+------------+----------------------------------+--------+
c_LRU<0>    |        19.284(F)|      SLOW  |         9.773(F)|      FAST  |DATA_CACHE/clr_state[3]_MUX_2778_o|   0.000|
c_LRU<1>    |        24.049(F)|      SLOW  |        12.596(F)|      FAST  |DATA_CACHE/clr_state[3]_MUX_2778_o|   0.000|
c_addr0<0>  |        20.379(F)|      SLOW  |        10.312(F)|      FAST  |DATA_CACHE/clr_state[3]_MUX_2721_o|   0.000|
c_addr0<1>  |        20.384(F)|      SLOW  |        10.317(F)|      FAST  |DATA_CACHE/clr_state[3]_MUX_2721_o|   0.000|
c_addr0<2>  |        20.384(F)|      SLOW  |        10.317(F)|      FAST  |DATA_CACHE/clr_state[3]_MUX_2721_o|   0.000|
c_addr0<3>  |        20.387(F)|      SLOW  |        10.320(F)|      FAST  |DATA_CACHE/clr_state[3]_MUX_2721_o|   0.000|
c_addr0<4>  |        20.387(F)|      SLOW  |        10.320(F)|      FAST  |DATA_CACHE/clr_state[3]_MUX_2721_o|   0.000|
c_addr0<5>  |        20.895(F)|      SLOW  |        10.896(F)|      FAST  |DATA_CACHE/clr_state[3]_MUX_2721_o|   0.000|
c_addr0<6>  |        20.895(F)|      SLOW  |        10.896(F)|      FAST  |DATA_CACHE/clr_state[3]_MUX_2721_o|   0.000|
c_addr0<7>  |        21.266(F)|      SLOW  |        11.095(F)|      FAST  |DATA_CACHE/clr_state[3]_MUX_2721_o|   0.000|
c_addr1<0>  |        19.975(F)|      SLOW  |        10.301(F)|      FAST  |DATA_CACHE/clr_state[3]_MUX_2713_o|   0.000|
c_addr1<1>  |        20.053(F)|      SLOW  |        10.368(F)|      FAST  |DATA_CACHE/clr_state[3]_MUX_2713_o|   0.000|
c_addr1<2>  |        20.053(F)|      SLOW  |        10.368(F)|      FAST  |DATA_CACHE/clr_state[3]_MUX_2713_o|   0.000|
c_addr1<3>  |        20.463(F)|      SLOW  |        10.591(F)|      FAST  |DATA_CACHE/clr_state[3]_MUX_2713_o|   0.000|
c_addr1<4>  |        20.463(F)|      SLOW  |        10.591(F)|      FAST  |DATA_CACHE/clr_state[3]_MUX_2713_o|   0.000|
c_addr1<5>  |        21.251(F)|      SLOW  |        11.026(F)|      FAST  |DATA_CACHE/clr_state[3]_MUX_2713_o|   0.000|
c_addr1<6>  |        21.251(F)|      SLOW  |        11.026(F)|      FAST  |DATA_CACHE/clr_state[3]_MUX_2713_o|   0.000|
c_addr1<7>  |        21.437(F)|      SLOW  |        11.115(F)|      FAST  |DATA_CACHE/clr_state[3]_MUX_2713_o|   0.000|
c_addr2<0>  |        21.961(F)|      SLOW  |        11.431(F)|      FAST  |DATA_CACHE/clr_state[3]_MUX_2705_o|   0.000|
c_addr2<1>  |        21.961(F)|      SLOW  |        11.431(F)|      FAST  |DATA_CACHE/clr_state[3]_MUX_2705_o|   0.000|
c_addr2<2>  |        22.053(F)|      SLOW  |        11.465(F)|      FAST  |DATA_CACHE/clr_state[3]_MUX_2705_o|   0.000|
c_addr2<3>  |        22.030(F)|      SLOW  |        11.450(F)|      FAST  |DATA_CACHE/clr_state[3]_MUX_2705_o|   0.000|
c_addr2<4>  |        21.567(F)|      SLOW  |        11.132(F)|      FAST  |DATA_CACHE/clr_state[3]_MUX_2705_o|   0.000|
c_addr2<5>  |        21.567(F)|      SLOW  |        11.132(F)|      FAST  |DATA_CACHE/clr_state[3]_MUX_2705_o|   0.000|
c_addr2<6>  |        21.432(F)|      SLOW  |        11.094(F)|      FAST  |DATA_CACHE/clr_state[3]_MUX_2705_o|   0.000|
c_addr2<7>  |        22.053(F)|      SLOW  |        11.465(F)|      FAST  |DATA_CACHE/clr_state[3]_MUX_2705_o|   0.000|
c_addr3<0>  |        18.900(F)|      SLOW  |         9.590(F)|      FAST  |DATA_CACHE/clr_state[3]_MUX_2697_o|   0.000|
c_addr3<1>  |        19.346(F)|      SLOW  |         9.827(F)|      FAST  |DATA_CACHE/clr_state[3]_MUX_2697_o|   0.000|
c_addr3<2>  |        18.699(F)|      SLOW  |         9.475(F)|      FAST  |DATA_CACHE/clr_state[3]_MUX_2697_o|   0.000|
c_addr3<3>  |        18.622(F)|      SLOW  |         9.435(F)|      FAST  |DATA_CACHE/clr_state[3]_MUX_2697_o|   0.000|
c_addr3<4>  |        17.963(F)|      SLOW  |         9.039(F)|      FAST  |DATA_CACHE/clr_state[3]_MUX_2697_o|   0.000|
c_addr3<5>  |        18.413(F)|      SLOW  |         9.273(F)|      FAST  |DATA_CACHE/clr_state[3]_MUX_2697_o|   0.000|
c_addr3<6>  |        17.742(F)|      SLOW  |         8.904(F)|      FAST  |DATA_CACHE/clr_state[3]_MUX_2697_o|   0.000|
c_addr3<7>  |        17.542(F)|      SLOW  |         8.790(F)|      FAST  |DATA_CACHE/clr_state[3]_MUX_2697_o|   0.000|
c_data0<0>  |        17.528(F)|      SLOW  |         8.985(F)|      FAST  |DATA_CACHE/clr_state[3]_MUX_2675_o|   0.000|
c_data0<1>  |        17.735(F)|      SLOW  |         9.066(F)|      FAST  |DATA_CACHE/clr_state[3]_MUX_2675_o|   0.000|
c_data0<2>  |        17.735(F)|      SLOW  |         9.066(F)|      FAST  |DATA_CACHE/clr_state[3]_MUX_2675_o|   0.000|
c_data0<3>  |        17.741(F)|      SLOW  |         9.101(F)|      FAST  |DATA_CACHE/clr_state[3]_MUX_2675_o|   0.000|
c_data0<4>  |        17.741(F)|      SLOW  |         9.101(F)|      FAST  |DATA_CACHE/clr_state[3]_MUX_2675_o|   0.000|
c_data0<5>  |        17.931(F)|      SLOW  |         9.205(F)|      FAST  |DATA_CACHE/clr_state[3]_MUX_2675_o|   0.000|
c_data0<6>  |        17.931(F)|      SLOW  |         9.205(F)|      FAST  |DATA_CACHE/clr_state[3]_MUX_2675_o|   0.000|
c_data0<7>  |        19.221(F)|      SLOW  |         9.861(F)|      FAST  |DATA_CACHE/clr_state[3]_MUX_2675_o|   0.000|
c_data1<0>  |        18.595(F)|      SLOW  |         9.566(F)|      FAST  |DATA_CACHE/clr_state[3]_MUX_2651_o|   0.000|
c_data1<1>  |        18.803(F)|      SLOW  |         9.648(F)|      FAST  |DATA_CACHE/clr_state[3]_MUX_2651_o|   0.000|
c_data1<2>  |        18.803(F)|      SLOW  |         9.648(F)|      FAST  |DATA_CACHE/clr_state[3]_MUX_2651_o|   0.000|
c_data1<3>  |        18.808(F)|      SLOW  |         9.682(F)|      FAST  |DATA_CACHE/clr_state[3]_MUX_2651_o|   0.000|
c_data1<4>  |        18.808(F)|      SLOW  |         9.682(F)|      FAST  |DATA_CACHE/clr_state[3]_MUX_2651_o|   0.000|
c_data1<5>  |        18.992(F)|      SLOW  |         9.780(F)|      FAST  |DATA_CACHE/clr_state[3]_MUX_2651_o|   0.000|
c_data1<6>  |        18.992(F)|      SLOW  |         9.780(F)|      FAST  |DATA_CACHE/clr_state[3]_MUX_2651_o|   0.000|
c_data1<7>  |        18.815(F)|      SLOW  |         9.685(F)|      FAST  |DATA_CACHE/clr_state[3]_MUX_2651_o|   0.000|
c_data2<0>  |        16.996(F)|      SLOW  |         8.605(F)|      FAST  |DATA_CACHE/clr_state[3]_MUX_2627_o|   0.000|
c_data2<1>  |        16.996(F)|      SLOW  |         8.605(F)|      FAST  |DATA_CACHE/clr_state[3]_MUX_2627_o|   0.000|
c_data2<2>  |        17.412(F)|      SLOW  |         8.834(F)|      FAST  |DATA_CACHE/clr_state[3]_MUX_2627_o|   0.000|
c_data2<3>  |        17.412(F)|      SLOW  |         8.834(F)|      FAST  |DATA_CACHE/clr_state[3]_MUX_2627_o|   0.000|
c_data2<4>  |        17.616(F)|      SLOW  |         8.952(F)|      FAST  |DATA_CACHE/clr_state[3]_MUX_2627_o|   0.000|
c_data2<5>  |        17.616(F)|      SLOW  |         8.952(F)|      FAST  |DATA_CACHE/clr_state[3]_MUX_2627_o|   0.000|
c_data2<6>  |        17.804(F)|      SLOW  |         9.054(F)|      FAST  |DATA_CACHE/clr_state[3]_MUX_2627_o|   0.000|
c_data2<7>  |        17.475(F)|      SLOW  |         8.875(F)|      FAST  |DATA_CACHE/clr_state[3]_MUX_2627_o|   0.000|
c_data3<0>  |        18.786(F)|      SLOW  |         9.660(F)|      FAST  |DATA_CACHE/clr_state[3]_MUX_2603_o|   0.000|
c_data3<1>  |        18.817(F)|      SLOW  |         9.669(F)|      FAST  |DATA_CACHE/clr_state[3]_MUX_2603_o|   0.000|
c_data3<2>  |        18.817(F)|      SLOW  |         9.669(F)|      FAST  |DATA_CACHE/clr_state[3]_MUX_2603_o|   0.000|
c_data3<3>  |        19.017(F)|      SLOW  |         9.783(F)|      FAST  |DATA_CACHE/clr_state[3]_MUX_2603_o|   0.000|
c_data3<4>  |        19.017(F)|      SLOW  |         9.783(F)|      FAST  |DATA_CACHE/clr_state[3]_MUX_2603_o|   0.000|
c_data3<5>  |        19.436(F)|      SLOW  |        10.015(F)|      FAST  |DATA_CACHE/clr_state[3]_MUX_2603_o|   0.000|
c_data3<6>  |        19.436(F)|      SLOW  |        10.015(F)|      FAST  |DATA_CACHE/clr_state[3]_MUX_2603_o|   0.000|
c_data3<7>  |        19.638(F)|      SLOW  |        10.116(F)|      FAST  |DATA_CACHE/clr_state[3]_MUX_2603_o|   0.000|
------------+-----------------+------------+-----------------+------------+----------------------------------+--------+

Clock to Setup on destination clock g_clk
---------------+---------+---------+---------+---------+
               | Src:Rise| Src:Fall| Src:Rise| Src:Fall|
Source Clock   |Dest:Rise|Dest:Rise|Dest:Fall|Dest:Fall|
---------------+---------+---------+---------+---------+
g_clk          |    8.616|         |         |         |
g_clr          |   10.776|   15.369|         |         |
---------------+---------+---------+---------+---------+

Clock to Setup on destination clock g_clr
---------------+---------+---------+---------+---------+
               | Src:Rise| Src:Fall| Src:Rise| Src:Fall|
Source Clock   |Dest:Rise|Dest:Rise|Dest:Fall|Dest:Fall|
---------------+---------+---------+---------+---------+
g_clk          |         |         |   11.187|         |
g_clr          |         |         |         |    8.462|
---------------+---------+---------+---------+---------+


Analysis completed Tue Apr 23 06:06:18 2013 
--------------------------------------------------------------------------------

Trace Settings:
-------------------------
Trace Settings 

Peak Memory Usage: 349 MB



