--------------------------------------------------------------------------------
Release 13.4 Trace  (nt64)
Copyright (c) 1995-2011 Xilinx, Inc.  All rights reserved.

C:\Xilinx\13.4\ISE_DS\ISE\bin\nt64\unwrapped\trce.exe -intstyle ise -v 3 -s 2
-n 3 -fastpaths -xml cache.twx cache.ncd -o cache.twr cache.pcf

Design file:              cache.ncd
Physical constraint file: cache.pcf
Device,package,speed:     xc6slx45,fgg484,C,-2 (PRODUCTION 1.21 2012-01-07)
Report level:             verbose report

Environment Variable      Effect 
--------------------      ------ 
NONE                      No environment variables were set
--------------------------------------------------------------------------------

INFO:Timing:2698 - No timing constraints found, doing default enumeration.
INFO:Timing:3412 - To improve timing, see the Timing Closure User Guide (UG612).
INFO:Timing:2752 - To get complete path coverage, use the unconstrained paths 
   option. All paths that are not constrained will be reported in the 
   unconstrained paths section(s) of the report.
INFO:Timing:3339 - The clock-to-out numbers in this timing report are based on 
   a 50 Ohm transmission line loading model.  For the details of this model, 
   and for more information on accounting for different loading conditions, 
   please see the device datasheet.



Data Sheet report:
-----------------
All values displayed in nanoseconds (ns)

Setup/Hold to clock clk
------------+------------+------------+------------+------------+------------------+--------+
            |Max Setup to|  Process   |Max Hold to |  Process   |                  | Clock  |
Source      | clk (edge) |   Corner   | clk (edge) |   Corner   |Internal Clock(s) | Phase  |
------------+------------+------------+------------+------------+------------------+--------+
Addr<0>     |    2.591(R)|      SLOW  |   -0.715(R)|      SLOW  |clk_BUFGP         |   0.000|
Addr<1>     |    2.735(R)|      SLOW  |   -0.852(R)|      SLOW  |clk_BUFGP         |   0.000|
Addr<2>     |    2.710(R)|      SLOW  |   -0.801(R)|      FAST  |clk_BUFGP         |   0.000|
Addr<3>     |    2.322(R)|      SLOW  |   -0.484(R)|      SLOW  |clk_BUFGP         |   0.000|
Addr<4>     |    1.565(R)|      SLOW  |    0.251(R)|      SLOW  |clk_BUFGP         |   0.000|
Addr<5>     |    1.558(R)|      SLOW  |    0.259(R)|      SLOW  |clk_BUFGP         |   0.000|
Addr<6>     |    1.787(R)|      SLOW  |    0.044(R)|      SLOW  |clk_BUFGP         |   0.000|
Addr<7>     |    1.659(R)|      SLOW  |    0.167(R)|      SLOW  |clk_BUFGP         |   0.000|
clr         |    2.293(R)|      SLOW  |   -0.450(R)|      SLOW  |clk_BUFGP         |   0.000|
            |    2.738(F)|      SLOW  |   -0.234(F)|      SLOW  |clk_BUFGP         |   0.000|
data_in<0>  |    1.342(F)|      SLOW  |    0.173(F)|      SLOW  |clk_BUFGP         |   0.000|
data_in<1>  |    1.140(F)|      SLOW  |    0.195(F)|      SLOW  |clk_BUFGP         |   0.000|
data_in<2>  |    1.336(F)|      SLOW  |    0.205(F)|      SLOW  |clk_BUFGP         |   0.000|
data_in<3>  |    1.349(F)|      SLOW  |    0.326(F)|      SLOW  |clk_BUFGP         |   0.000|
data_in<4>  |    1.401(F)|      SLOW  |    0.070(F)|      SLOW  |clk_BUFGP         |   0.000|
data_in<5>  |    1.420(F)|      SLOW  |    0.293(F)|      SLOW  |clk_BUFGP         |   0.000|
data_in<6>  |    0.961(F)|      SLOW  |    0.570(F)|      SLOW  |clk_BUFGP         |   0.000|
data_in<7>  |    1.368(F)|      SLOW  |    0.463(F)|      SLOW  |clk_BUFGP         |   0.000|
enab        |    1.616(R)|      SLOW  |    0.206(R)|      SLOW  |clk_BUFGP         |   0.000|
            |    3.597(F)|      SLOW  |   -0.728(F)|      SLOW  |clk_BUFGP         |   0.000|
rw          |    3.283(F)|      SLOW  |   -0.408(F)|      SLOW  |clk_BUFGP         |   0.000|
------------+------------+------------+------------+------------+------------------+--------+

Clock clk to Pad
------------+-----------------+------------+-----------------+------------+------------------+--------+
            |Max (slowest) clk|  Process   |Min (fastest) clk|  Process   |                  | Clock  |
Destination |  (edge) to PAD  |   Corner   |  (edge) to PAD  |   Corner   |Internal Clock(s) | Phase  |
------------+-----------------+------------+-----------------+------------+------------------+--------+
data0<0>    |        10.377(F)|      SLOW  |         4.579(F)|      FAST  |clk_BUFGP         |   0.000|
data0<1>    |        10.108(F)|      SLOW  |         4.423(F)|      FAST  |clk_BUFGP         |   0.000|
data0<2>    |        10.098(F)|      SLOW  |         4.397(F)|      FAST  |clk_BUFGP         |   0.000|
data0<3>    |        10.093(F)|      SLOW  |         4.392(F)|      FAST  |clk_BUFGP         |   0.000|
data0<4>    |        10.427(F)|      SLOW  |         4.632(F)|      FAST  |clk_BUFGP         |   0.000|
data0<5>    |         9.995(F)|      SLOW  |         4.332(F)|      FAST  |clk_BUFGP         |   0.000|
data0<6>    |        10.300(F)|      SLOW  |         4.591(F)|      FAST  |clk_BUFGP         |   0.000|
data0<7>    |        10.218(F)|      SLOW  |         4.487(F)|      FAST  |clk_BUFGP         |   0.000|
data1<0>    |        11.128(F)|      SLOW  |         5.029(F)|      FAST  |clk_BUFGP         |   0.000|
data1<1>    |        11.227(F)|      SLOW  |         5.079(F)|      FAST  |clk_BUFGP         |   0.000|
data1<2>    |        11.030(F)|      SLOW  |         4.965(F)|      FAST  |clk_BUFGP         |   0.000|
data1<3>    |        11.325(F)|      SLOW  |         5.177(F)|      FAST  |clk_BUFGP         |   0.000|
data1<4>    |        11.061(F)|      SLOW  |         4.980(F)|      FAST  |clk_BUFGP         |   0.000|
data1<5>    |        10.861(F)|      SLOW  |         4.790(F)|      FAST  |clk_BUFGP         |   0.000|
data1<6>    |        10.937(F)|      SLOW  |         4.925(F)|      FAST  |clk_BUFGP         |   0.000|
data1<7>    |        10.939(F)|      SLOW  |         4.927(F)|      FAST  |clk_BUFGP         |   0.000|
data2<0>    |         9.817(F)|      SLOW  |         4.173(F)|      FAST  |clk_BUFGP         |   0.000|
data2<1>    |        10.006(F)|      SLOW  |         4.284(F)|      FAST  |clk_BUFGP         |   0.000|
data2<2>    |         9.802(F)|      SLOW  |         4.176(F)|      FAST  |clk_BUFGP         |   0.000|
data2<3>    |         9.857(F)|      SLOW  |         4.213(F)|      FAST  |clk_BUFGP         |   0.000|
data2<4>    |         9.812(F)|      SLOW  |         4.200(F)|      FAST  |clk_BUFGP         |   0.000|
data2<5>    |         9.952(F)|      SLOW  |         4.240(F)|      FAST  |clk_BUFGP         |   0.000|
data2<6>    |        10.205(F)|      SLOW  |         4.399(F)|      FAST  |clk_BUFGP         |   0.000|
data2<7>    |         9.811(F)|      SLOW  |         4.199(F)|      FAST  |clk_BUFGP         |   0.000|
data3<0>    |        10.657(F)|      SLOW  |         4.676(F)|      FAST  |clk_BUFGP         |   0.000|
data3<1>    |        10.627(F)|      SLOW  |         4.653(F)|      FAST  |clk_BUFGP         |   0.000|
data3<2>    |        10.654(F)|      SLOW  |         4.728(F)|      FAST  |clk_BUFGP         |   0.000|
data3<3>    |        10.741(F)|      SLOW  |         4.753(F)|      FAST  |clk_BUFGP         |   0.000|
data3<4>    |        10.813(F)|      SLOW  |         4.818(F)|      FAST  |clk_BUFGP         |   0.000|
data3<5>    |        10.526(F)|      SLOW  |         4.616(F)|      FAST  |clk_BUFGP         |   0.000|
data3<6>    |        10.841(F)|      SLOW  |         4.838(F)|      FAST  |clk_BUFGP         |   0.000|
data3<7>    |        10.689(F)|      SLOW  |         4.757(F)|      FAST  |clk_BUFGP         |   0.000|
data_out<0> |        10.341(F)|      SLOW  |         4.489(F)|      FAST  |clk_BUFGP         |   0.000|
data_out<1> |        10.322(F)|      SLOW  |         4.477(F)|      FAST  |clk_BUFGP         |   0.000|
data_out<2> |        10.640(F)|      SLOW  |         4.672(F)|      FAST  |clk_BUFGP         |   0.000|
data_out<3> |        10.392(F)|      SLOW  |         4.537(F)|      FAST  |clk_BUFGP         |   0.000|
data_out<4> |        10.154(F)|      SLOW  |         4.397(F)|      FAST  |clk_BUFGP         |   0.000|
data_out<5> |        10.099(F)|      SLOW  |         4.350(F)|      FAST  |clk_BUFGP         |   0.000|
data_out<6> |        10.720(F)|      SLOW  |         4.762(F)|      FAST  |clk_BUFGP         |   0.000|
data_out<7> |        10.374(F)|      SLOW  |         4.529(F)|      FAST  |clk_BUFGP         |   0.000|
------------+-----------------+------------+-----------------+------------+------------------+--------+

Clock to Setup on destination clock clk
---------------+---------+---------+---------+---------+
               | Src:Rise| Src:Fall| Src:Rise| Src:Fall|
Source Clock   |Dest:Rise|Dest:Rise|Dest:Fall|Dest:Fall|
---------------+---------+---------+---------+---------+
clk            |    2.701|         |    2.196|    2.610|
---------------+---------+---------+---------+---------+


Analysis completed Fri Apr 05 14:09:17 2013 
--------------------------------------------------------------------------------

Trace Settings:
-------------------------
Trace Settings 

Peak Memory Usage: 262 MB



