--------------------------------------------------------------------------------
Release 13.4 Trace  (nt64)
Copyright (c) 1995-2011 Xilinx, Inc.  All rights reserved.

D:\Xilinx\13.4\ISE_DS\ISE\bin\nt64\unwrapped\trce.exe -intstyle ise -v 3 -s 2
-n 3 -fastpaths -xml cache.twx cache.ncd -o cache.twr cache.pcf

Design file:              cache.ncd
Physical constraint file: cache.pcf
Device,package,speed:     xc6slx45,fgg484,C,-2 (PRODUCTION 1.21 2012-01-07)
Report level:             verbose report

Environment Variable      Effect 
--------------------      ------ 
NONE                      No environment variables were set
--------------------------------------------------------------------------------

INFO:Timing:2698 - No timing constraints found, doing default enumeration.
INFO:Timing:3412 - To improve timing, see the Timing Closure User Guide (UG612).
INFO:Timing:2752 - To get complete path coverage, use the unconstrained paths 
   option. All paths that are not constrained will be reported in the 
   unconstrained paths section(s) of the report.
INFO:Timing:3339 - The clock-to-out numbers in this timing report are based on 
   a 50 Ohm transmission line loading model.  For the details of this model, 
   and for more information on accounting for different loading conditions, 
   please see the device datasheet.



Data Sheet report:
-----------------
All values displayed in nanoseconds (ns)

Setup/Hold to clock clk
------------+------------+------------+------------+------------+------------------+--------+
            |Max Setup to|  Process   |Max Hold to |  Process   |                  | Clock  |
Source      | clk (edge) |   Corner   | clk (edge) |   Corner   |Internal Clock(s) | Phase  |
------------+------------+------------+------------+------------+------------------+--------+
Addr<0>     |    3.765(R)|      SLOW  |   -0.243(R)|      SLOW  |clk_BUFGP         |   0.000|
Addr<1>     |    5.455(R)|      SLOW  |   -0.150(R)|      SLOW  |clk_BUFGP         |   0.000|
Addr<2>     |    4.416(R)|      SLOW  |   -0.148(R)|      SLOW  |clk_BUFGP         |   0.000|
Addr<3>     |    4.473(R)|      SLOW  |   -0.102(R)|      SLOW  |clk_BUFGP         |   0.000|
Addr<4>     |    4.730(R)|      SLOW  |    0.031(R)|      SLOW  |clk_BUFGP         |   0.000|
Addr<5>     |    5.120(R)|      SLOW  |   -0.003(R)|      SLOW  |clk_BUFGP         |   0.000|
Addr<6>     |    5.622(R)|      SLOW  |   -0.298(R)|      SLOW  |clk_BUFGP         |   0.000|
Addr<7>     |    3.742(R)|      SLOW  |    0.011(R)|      SLOW  |clk_BUFGP         |   0.000|
clr         |    5.859(R)|      SLOW  |   -0.685(R)|      SLOW  |clk_BUFGP         |   0.000|
            |    5.684(F)|      SLOW  |   -0.474(F)|      SLOW  |clk_BUFGP         |   0.000|
data_in<0>  |    0.902(R)|      SLOW  |    0.114(R)|      SLOW  |clk_BUFGP         |   0.000|
            |    2.029(F)|      SLOW  |   -0.368(F)|      SLOW  |clk_BUFGP         |   0.000|
data_in<1>  |    1.814(R)|      SLOW  |   -0.758(R)|      SLOW  |clk_BUFGP         |   0.000|
            |    2.718(F)|      SLOW  |   -0.575(F)|      SLOW  |clk_BUFGP         |   0.000|
data_in<2>  |    0.810(R)|      SLOW  |    0.199(R)|      SLOW  |clk_BUFGP         |   0.000|
            |    2.843(F)|      SLOW  |   -0.042(F)|      SLOW  |clk_BUFGP         |   0.000|
data_in<3>  |    0.538(R)|      SLOW  |    0.462(R)|      SLOW  |clk_BUFGP         |   0.000|
            |    2.308(F)|      SLOW  |   -0.588(F)|      SLOW  |clk_BUFGP         |   0.000|
data_in<4>  |    0.665(R)|      SLOW  |    0.338(R)|      SLOW  |clk_BUFGP         |   0.000|
            |    2.237(F)|      SLOW  |   -0.156(F)|      SLOW  |clk_BUFGP         |   0.000|
data_in<5>  |    0.713(R)|      SLOW  |    0.290(R)|      SLOW  |clk_BUFGP         |   0.000|
            |    2.671(F)|      SLOW  |   -0.315(F)|      SLOW  |clk_BUFGP         |   0.000|
data_in<6>  |    0.601(R)|      SLOW  |    0.396(R)|      SLOW  |clk_BUFGP         |   0.000|
            |    2.506(F)|      SLOW  |   -0.141(F)|      SLOW  |clk_BUFGP         |   0.000|
data_in<7>  |    0.580(R)|      SLOW  |    0.421(R)|      SLOW  |clk_BUFGP         |   0.000|
            |    2.301(F)|      SLOW  |   -0.294(F)|      SLOW  |clk_BUFGP         |   0.000|
enab        |    4.746(R)|      SLOW  |   -0.202(R)|      SLOW  |clk_BUFGP         |   0.000|
            |    4.848(F)|      SLOW  |    0.149(F)|      SLOW  |clk_BUFGP         |   0.000|
rw          |    3.433(R)|      SLOW  |   -0.844(R)|      SLOW  |clk_BUFGP         |   0.000|
            |    4.366(F)|      SLOW  |   -0.913(F)|      SLOW  |clk_BUFGP         |   0.000|
------------+------------+------------+------------+------------+------------------+--------+

Clock clk to Pad
------------+-----------------+------------+-----------------+------------+------------------+--------+
            |Max (slowest) clk|  Process   |Min (fastest) clk|  Process   |                  | Clock  |
Destination |  (edge) to PAD  |   Corner   |  (edge) to PAD  |   Corner   |Internal Clock(s) | Phase  |
------------+-----------------+------------+-----------------+------------+------------------+--------+
addr0<0>    |         9.921(F)|      SLOW  |         4.237(F)|      FAST  |clk_BUFGP         |   0.000|
addr0<1>    |         9.920(F)|      SLOW  |         4.253(F)|      FAST  |clk_BUFGP         |   0.000|
addr0<2>    |         9.725(F)|      SLOW  |         4.152(F)|      FAST  |clk_BUFGP         |   0.000|
addr0<3>    |         9.725(F)|      SLOW  |         4.152(F)|      FAST  |clk_BUFGP         |   0.000|
addr0<4>    |        10.059(F)|      SLOW  |         4.338(F)|      FAST  |clk_BUFGP         |   0.000|
addr0<5>    |        10.047(F)|      SLOW  |         4.333(F)|      FAST  |clk_BUFGP         |   0.000|
addr0<6>    |         9.926(F)|      SLOW  |         4.291(F)|      FAST  |clk_BUFGP         |   0.000|
addr0<7>    |         9.810(F)|      SLOW  |         4.203(F)|      FAST  |clk_BUFGP         |   0.000|
addr1<0>    |        11.043(F)|      SLOW  |         4.978(F)|      FAST  |clk_BUFGP         |   0.000|
addr1<1>    |        11.175(F)|      SLOW  |         5.089(F)|      FAST  |clk_BUFGP         |   0.000|
addr1<2>    |        11.060(F)|      SLOW  |         4.961(F)|      FAST  |clk_BUFGP         |   0.000|
addr1<3>    |        11.060(F)|      SLOW  |         4.961(F)|      FAST  |clk_BUFGP         |   0.000|
addr1<4>    |        10.650(F)|      SLOW  |         4.680(F)|      FAST  |clk_BUFGP         |   0.000|
addr1<5>    |        10.881(F)|      SLOW  |         4.795(F)|      FAST  |clk_BUFGP         |   0.000|
addr1<6>    |        11.041(F)|      SLOW  |         5.032(F)|      FAST  |clk_BUFGP         |   0.000|
addr1<7>    |        11.041(F)|      SLOW  |         5.032(F)|      FAST  |clk_BUFGP         |   0.000|
addr2<0>    |        10.668(F)|      SLOW  |         4.683(F)|      FAST  |clk_BUFGP         |   0.000|
addr2<1>    |        10.646(F)|      SLOW  |         4.668(F)|      FAST  |clk_BUFGP         |   0.000|
addr2<2>    |        10.752(F)|      SLOW  |         4.776(F)|      FAST  |clk_BUFGP         |   0.000|
addr2<3>    |        10.716(F)|      SLOW  |         4.731(F)|      FAST  |clk_BUFGP         |   0.000|
addr2<4>    |        10.354(F)|      SLOW  |         4.483(F)|      FAST  |clk_BUFGP         |   0.000|
addr2<5>    |        10.422(F)|      SLOW  |         4.566(F)|      FAST  |clk_BUFGP         |   0.000|
addr2<6>    |        10.230(F)|      SLOW  |         4.454(F)|      FAST  |clk_BUFGP         |   0.000|
addr2<7>    |        10.495(F)|      SLOW  |         4.610(F)|      FAST  |clk_BUFGP         |   0.000|
addr3<0>    |        10.922(F)|      SLOW  |         4.816(F)|      FAST  |clk_BUFGP         |   0.000|
addr3<1>    |        10.680(F)|      SLOW  |         4.697(F)|      FAST  |clk_BUFGP         |   0.000|
addr3<2>    |        10.681(F)|      SLOW  |         4.735(F)|      FAST  |clk_BUFGP         |   0.000|
addr3<3>    |        10.759(F)|      SLOW  |         4.771(F)|      FAST  |clk_BUFGP         |   0.000|
addr3<4>    |        10.566(F)|      SLOW  |         4.629(F)|      FAST  |clk_BUFGP         |   0.000|
addr3<5>    |        10.555(F)|      SLOW  |         4.625(F)|      FAST  |clk_BUFGP         |   0.000|
addr3<6>    |        10.471(F)|      SLOW  |         4.627(F)|      FAST  |clk_BUFGP         |   0.000|
addr3<7>    |        10.479(F)|      SLOW  |         4.639(F)|      FAST  |clk_BUFGP         |   0.000|
cache_hit<0>|         9.695(R)|      SLOW  |         4.090(R)|      FAST  |clk_BUFGP         |   0.000|
cache_hit<1>|         9.358(R)|      SLOW  |         3.898(R)|      FAST  |clk_BUFGP         |   0.000|
curr_LRU<0> |        12.116(F)|      SLOW  |         5.561(F)|      FAST  |clk_BUFGP         |   0.000|
curr_LRU<1> |        12.416(F)|      SLOW  |         5.747(F)|      FAST  |clk_BUFGP         |   0.000|
data0<0>    |        10.182(F)|      SLOW  |         4.382(F)|      FAST  |clk_BUFGP         |   0.000|
data0<1>    |         9.371(F)|      SLOW  |         3.899(F)|      FAST  |clk_BUFGP         |   0.000|
data0<2>    |        10.299(F)|      SLOW  |         4.404(F)|      FAST  |clk_BUFGP         |   0.000|
data0<3>    |         9.787(F)|      SLOW  |         4.080(F)|      FAST  |clk_BUFGP         |   0.000|
data0<4>    |         9.809(F)|      SLOW  |         4.103(F)|      FAST  |clk_BUFGP         |   0.000|
data0<5>    |         9.619(F)|      SLOW  |         4.015(F)|      FAST  |clk_BUFGP         |   0.000|
data0<6>    |         9.544(F)|      SLOW  |         3.976(F)|      FAST  |clk_BUFGP         |   0.000|
data0<7>    |        10.648(F)|      SLOW  |         4.644(F)|      FAST  |clk_BUFGP         |   0.000|
data1<0>    |         9.935(F)|      SLOW  |         4.229(F)|      FAST  |clk_BUFGP         |   0.000|
data1<1>    |         9.503(F)|      SLOW  |         3.940(F)|      FAST  |clk_BUFGP         |   0.000|
data1<2>    |         9.803(F)|      SLOW  |         4.114(F)|      FAST  |clk_BUFGP         |   0.000|
data1<3>    |         9.915(F)|      SLOW  |         4.203(F)|      FAST  |clk_BUFGP         |   0.000|
data1<4>    |        10.091(F)|      SLOW  |         4.298(F)|      FAST  |clk_BUFGP         |   0.000|
data1<5>    |        10.601(F)|      SLOW  |         4.575(F)|      FAST  |clk_BUFGP         |   0.000|
data1<6>    |        10.116(F)|      SLOW  |         4.322(F)|      FAST  |clk_BUFGP         |   0.000|
data1<7>    |        10.492(F)|      SLOW  |         4.548(F)|      FAST  |clk_BUFGP         |   0.000|
data2<0>    |         9.756(F)|      SLOW  |         4.087(F)|      FAST  |clk_BUFGP         |   0.000|
data2<1>    |         9.812(F)|      SLOW  |         4.104(F)|      FAST  |clk_BUFGP         |   0.000|
data2<2>    |         9.522(F)|      SLOW  |         3.959(F)|      FAST  |clk_BUFGP         |   0.000|
data2<3>    |         9.789(F)|      SLOW  |         4.100(F)|      FAST  |clk_BUFGP         |   0.000|
data2<4>    |         9.402(F)|      SLOW  |         3.884(F)|      FAST  |clk_BUFGP         |   0.000|
data2<5>    |         9.622(F)|      SLOW  |         4.003(F)|      FAST  |clk_BUFGP         |   0.000|
data2<6>    |         9.785(F)|      SLOW  |         4.116(F)|      FAST  |clk_BUFGP         |   0.000|
data2<7>    |         9.396(F)|      SLOW  |         3.892(F)|      FAST  |clk_BUFGP         |   0.000|
data3<0>    |         9.809(F)|      SLOW  |         4.094(F)|      FAST  |clk_BUFGP         |   0.000|
data3<1>    |         9.581(F)|      SLOW  |         3.977(F)|      FAST  |clk_BUFGP         |   0.000|
data3<2>    |         9.846(F)|      SLOW  |         4.145(F)|      FAST  |clk_BUFGP         |   0.000|
data3<3>    |         9.960(F)|      SLOW  |         4.268(F)|      FAST  |clk_BUFGP         |   0.000|
data3<4>    |         9.663(F)|      SLOW  |         4.037(F)|      FAST  |clk_BUFGP         |   0.000|
data3<5>    |         9.905(F)|      SLOW  |         4.181(F)|      FAST  |clk_BUFGP         |   0.000|
data3<6>    |         9.985(F)|      SLOW  |         4.256(F)|      FAST  |clk_BUFGP         |   0.000|
data3<7>    |         9.888(F)|      SLOW  |         4.183(F)|      FAST  |clk_BUFGP         |   0.000|
data_out<0> |         9.984(F)|      SLOW  |         4.304(F)|      FAST  |clk_BUFGP         |   0.000|
data_out<1> |         9.845(F)|      SLOW  |         4.172(F)|      FAST  |clk_BUFGP         |   0.000|
data_out<2> |         9.650(F)|      SLOW  |         4.072(F)|      FAST  |clk_BUFGP         |   0.000|
data_out<3> |        10.287(F)|      SLOW  |         4.470(F)|      FAST  |clk_BUFGP         |   0.000|
data_out<4> |         9.852(F)|      SLOW  |         4.152(F)|      FAST  |clk_BUFGP         |   0.000|
data_out<5> |         9.915(F)|      SLOW  |         4.186(F)|      FAST  |clk_BUFGP         |   0.000|
data_out<6> |         9.958(F)|      SLOW  |         4.206(F)|      FAST  |clk_BUFGP         |   0.000|
data_out<7> |        10.055(F)|      SLOW  |         4.259(F)|      FAST  |clk_BUFGP         |   0.000|
hit_out     |        11.200(R)|      SLOW  |         4.333(R)|      FAST  |clk_BUFGP         |   0.000|
------------+-----------------+------------+-----------------+------------+------------------+--------+

Clock to Setup on destination clock clk
---------------+---------+---------+---------+---------+
               | Src:Rise| Src:Fall| Src:Rise| Src:Fall|
Source Clock   |Dest:Rise|Dest:Rise|Dest:Fall|Dest:Fall|
---------------+---------+---------+---------+---------+
clk            |    5.154|    5.187|    4.654|    7.196|
---------------+---------+---------+---------+---------+


Analysis completed Thu Apr 18 19:54:23 2013 
--------------------------------------------------------------------------------

Trace Settings:
-------------------------
Trace Settings 

Peak Memory Usage: 282 MB



